
ABOUT_ENTER = 00000000;
ABOUT_LEAVE = 00010000;
ABOUT_EMAIL = 00100000;
ABOUT_CALL =  00200000;
ABOUT_CALL_OK = 00300000;
ABOUT_CALL_CANCEL = 00400000;
ABOUT_WEBSITE = 00500000;

//Setting Activity
SETTING_ENTER = 01000000;
SETTING_LEAVE = 01010000;
SETTING_TITLE_LIST = 01100000;

SETTING_TITLE_LIST_RECREATION = 01100100;
SETTING_TITLE_LIST_CONTACT = 01100200;
SETTING_TITLE_LIST_ALARM = 01100400;

SETTING_CHECK = 01200000;
SETTING_EDIT = 01300000;
SETTING_SPINNER = 01400000;
SETTING_SELECT = 01500000;

//Test Fragment
TEST_ENTER = 10000000;
TEST_LEAVE = 10010000;
TEST_HELP_BUTTON = 10200000;
TEST_START_BUTTON = 10300000;
TEST_END_BUTTON = 10400000;

TEST_QUESTION_CANCEL = 10500000;
TEST_QUESTION_SEND = 10600000;
TEST_QUESTION_SEND_EMPTY = 10600001;
TEST_COPING_CONFIRM = 10700000;

TEST_NOTE_ENTER = 12000000;
TEST_COPE_ENTER = 12100000;
TEST_KOWING_ENTER = 12200000;

TEST_KOWING_NEXT = 12300000;
TEST_KOWING_LAST = 12400000;
TEST_CHECKING_RESULT = 12500000;

//8/5 add //TODO:
TEST_NOTE_SCROLL_SELF = 12600000;
TEST_NOTE_SCROLL_OTHER = 12610000;
TEST_NOTE_CLICK_SELF = 12620000;
TEST_NOTE_CLICK_OTHER = 12630000;

TEST_NOTE_SELECT_DATE = 12700000;
TEST_NOTE_SELECT_SLOT = 12710000;

TEST_NOTE_SELECT_TYPE = 12800000;
TEST_NOTE_SELECT_TYPE_1 = 12800001;
TEST_NOTE_SELECT_TYPE_2 = 12800002;
TEST_NOTE_SELECT_TYPE_3 = 12800003;
TEST_NOTE_SELECT_TYPE_4 = 12800004;
TEST_NOTE_SELECT_TYPE_5 = 12800005;
TEST_NOTE_SELECT_TYPE_6 = 12800006;
TEST_NOTE_SELECT_TYPE_7 = 12800007;
TEST_NOTE_SELECT_TYPE_8 = 12800008;




TEST_NOTE_SELECT_ITEM = 12810000;

TEST_NOTE_IMPACT = 12900000;
TEST_NOTE_DESCRIPTION = 12910000;

// TEST_ADDITIONAL_QUESTION_CANCEL = 12000000;
// TEST_ADDITIONAL_QUESTION_SEND = 12100000;
// TEST_ADDITIONAL_QUESTION_SEND_EMPTY = 12100001;

// TEST_FEEDBACK_REC_BUTTON = 13000000;
// TEST_FEEDBACK_STOP_REC_BUTTON = 13100000;
// TEST_FEEDBACK_DONE = 13200000;

TEST_NOTIFICATION_CANCEL = 14000000;
TEST_NOTIFICATION_GOTO = 14100000;


//Statistic Fragment
STATISTIC_ENTER = 20000000;
STATISTIC_LEAVE = 20010000;
STATISTIC_TODAY = 20100000;
STATISTIC_WEEK = 20110000;
STATISTIC_ANALYSIS = 20200000;
STATISTIC_COPING_BUTTON = 20300000;

STATISTIC_QUESTIONTEST_BUTTON = 20400000;
STATISTIC_QUESTIONTEST_CONFIRM = 20410000;
STATISTIC_QUESTIONTEST_CANCEL = 20420000;

STATISTIC_QUESTIONTEST_SELECT_A = 20500000;
STATISTIC_QUESTIONTEST_SELECT_B = 20510000;
STATISTIC_QUESTIONTEST_SELECT_C = 20520000;
STATISTIC_QUESTIONTEST_SELECT_D = 20530000;

STATISTIC_RADAR_CHART_OPEN = 22000000;
STATISTIC_RADAR_CHART_CLOSE = 22100000;
STATISTIC_DETAIL_CHART_OPEN = 22200000;
STATISTIC_DETAIL_CHART_CLOSE = 22300000;

// STATISTIC_QUESTION_EXIT = 20400000;
// STATISTIC_QUESTION_BREATH = 20500000;
// STATISTIC_QUESTION_CALL_CHECK = 20600000;
// STATISTIC_QUESTION_CALL_OK = 20700000;
// STATISTIC_QUESTION_CLOSE = 20800000;
// STATISTIC_QUESTION_EMOTIONDIY = 20900000;
// STATISTIC_QUESTION_END = 21000000;
// STATISTIC_QUESTION_FAMILY = 21100000;
// STATISTIC_QUESTION_HOME = 21200000;
// STATISTIC_QUESTION_HOTLINE = 21300000;
// STATISTIC_QUESTION_INSPIRE = 21400000;
// STATISTIC_QUESTION_READING = 21500000;
// STATISTIC_QUESTION_SELFHELP = 21600000;
// STATISTIC_QUESTION_SITUATION = 21700000;
// STATISTIC_QUESTION_SOCIAL = 21800000;
// STATISTIC_QUESTION_TRYAGAIN = 21900000;



DAYBOOK_ENTER = 30000000;
DAYBOOK_LEAVE = 30010000;
DAYBOOK_PAGE_UP = 30100000;
DAYBOOK_PAGE_DOWN = 30110000;

DAYBOOK_CHART_TYPE0 = 30200000;
DAYBOOK_CHART_TYPE1 = 30210000;
DAYBOOK_CHART_TYPE2 = 30220000;

DAYBOOK_CHART = 30400000;
DAYBOOK_CHART_ROTATE = 30410000;
DAYBOOK_CHART_TAP = 30420000;
DAYBOOK_CHART_SCROLL = 30420000;

DAYBOOK_CALENDAR = 30500000; 
DAYBOOK_CHANGE_MONTH = 30510000; 
DAYBOOK_TODAY = 30520000;
DAYBOOK_SPECIFIC_DAY = 30530000;

DAYBOOK_SHOWDETAIL = 30600000;

DAYBOOK_RANDOMTEST = 30700000;
DAYBOOK_RANDOMTEST_CONFIRM = 30710000;
DAYBOOK_RANDOMTEST_CANCEL = 30720000;

DAYBOOK_RANDOMTEST_SELECT_A = 30800000;
DAYBOOK_RANDOMTEST_SELECT_B = 30810000;
DAYBOOK_RANDOMTEST_SELECT_C = 30820000;
DAYBOOK_RANDOMTEST_SELECT_D = 30830000;

DAYBOOK_FILTER_BUTTON = 30900000;
DAYBOOK_FILTER = 30910000;
DAYBOOK_TOGGLE = 30920000;
DAYBOOK_FILTER_LONGCLICK = 30930000;
// DAYBOOK_RECORD_REC = 30900000;
// DAYBOOK_RECORD_PAUSE_REC = 30910000;
// DAYBOOK_RECORD_PLAY = 31000000;
// DAYBOOK_RECORD_PAUSE_PLAY = 31010000;
// DAYBOOK_RECORD_ADD_EM = 31100000;
// DAYBOOK_RECORD_EM_HISTORY = 31200000;
// DAYBOOK_RECORD_BACK = 31300000;

DAYBOOK_ADDNOTE = 31400000;
DAYBOOK_ADDNOTE_CONFIRM = 31410000;
DAYBOOK_ADDNOTE_CANCEL = 31420000;
DAYBOOK_ADDNOTE_ENTER = 31430000;
DAYBOOK_ADDNOTE_LEAVE = 31440000;

//8/5 add //TODO:
DAYBOOK_ADDNOTE_SCROLL_SELF = 31500000;
DAYBOOK_ADDNOTE_SCROLL_OTHER = 31510000;
DAYBOOK_ADDNOTE_CLICK_SELF = 31520000;
DAYBOOK_ADDNOTE_CLICK_OTHER = 31530000;

DAYBOOK_ADDNOTE_SELECT_DATE = 31600000;
DAYBOOK_ADDNOTE_SELECT_SLOT = 31610000;

DAYBOOK_ADDNOTE_SELECT_TYPE = 31700000;
DAYBOOK_ADDNOTE_SELECT_TYPE_1 = 31700001;
DAYBOOK_ADDNOTE_SELECT_TYPE_2 = 31700002;
DAYBOOK_ADDNOTE_SELECT_TYPE_3 = 31700003;
DAYBOOK_ADDNOTE_SELECT_TYPE_4 = 31700004;
DAYBOOK_ADDNOTE_SELECT_TYPE_5 = 31700005;
DAYBOOK_ADDNOTE_SELECT_TYPE_6 = 31700006;
DAYBOOK_ADDNOTE_SELECT_TYPE_7 = 31700007;
DAYBOOK_ADDNOTE_SELECT_TYPE_8 = 31700008;
DAYBOOK_ADDNOTE_SELECT_ITEM = 31710000;

DAYBOOK_ADDNOTE_IMPACT = 31800000;
DAYBOOK_ADDNOTE_DESCRIPTION = 31810000;
//public final static long DAYBOOK_READ_OK = 31400000;
//public final static long DAYBOOK_READ_CANCEL = 31500000;


//Coping Skill
COPING_ENTER = 40000000;
COPING_LEAVE = 40010000;
COPING_RETURN = 40200000;
COPING_SELECTION = 40210000;	
COPING_SELECTION_BREATH = 40300000;
COPING_SELECTION_WALK = 40300001;
COPING_SELECTION_STRETCH = 40300002;
COPING_SELECTION_MUSIC = 40300003;
COPING_SELECTION_LEAVE = 40300004;
COPING_SELECTION_TOLD = 40300005;
COPING_SELECTION_CD = 40300006;
COPING_SELECTION_POSITIVE = 40300007;
COPING_SELECTION_POISON = 40300008;
COPING_SELECTION_SUGGESTION = 40300009;
COPING_SELECTION_HOW = 40300010;


COPING_PLAY = 40400000;
COPING_PAUSE = 40410000;
COPING_CANCEL_PLAY = 40500000;// Not use
COPING_CALL_OK = 40600000;
COPING_CALL_CANCEL = 40700000;
COPING_STOP = 40800000;
COPING_END_PLAY_CANCEL = 40900000;
COPING_END_PLAY = 41000000;

// EMOTION_MANAGE_ENTER = 50000000;
// EMOTION_MANAGE_LEAVE = 50010000;
// EMOTION_MANAGE_SELECTION = 50100000;
// EMOTION_MANAGE_RETURN = 50200000;
// EMOTION_MANAGE_LIST_TEXT = 50300000;
// EMOTION_MANAGE_SELECT_TEXT = 50400000;
//
// EMOTION_MANAGE_HISTORY_ENTER = 55000000;
// EMOTION_MANAGE_HISTORY_LEAVE = 55010000;
// EMOTION_MANAGE_HISTORY_SELECT = 55100000;
//
TUTORIAL_ENTER = 60000000;
TUTORIAL_LEAVE = 60010000;
TUTORIAL_NEXT = 60100000;
TUTORIAL_REPLAY = 60200000;

DAYBOOK_TEST_ENTER = 70000000;
DAYBOOK_TEST_LEAVE = 70010000;
DAYBOOK_TEST_SELECT = 70100000;
DAYBOOK_TEST_SUBMIT = 70200000; // change on
// agreement
DAYBOOK_TEST_SUBMIT_EMPTY = 70210000; // no
// change
// on
// agreement
DAYBOOK_TEST_CANCEL = 70300000;

MAIN_BACK_PRESS = 80000000;
DAILY_SERVICE = 81000000;

TAB_TEST = 90000000;
TAB_STATISTIC = 90100000;
TAB_DAYBOOK = 90200000;



